---
source: crates/babylon-tui/tests/raster_skeleton.rs
expression: "format!(\"{buf:?}\")"
---
Buffer {
    area: Rect { x: 0, y: 0, width: 80, height: 24 },
    content: [
        "communities[0].o=0.2 communities[1].o=0.2 communities[2].o=0.2⠀⠀⠀⠀⠀⠀⠀⠀⠀⠀⠀⠀⠀⠀⠀⠀⠀⠀",
        "communities[3].o=1 psa=0.247036 psr=0.222222⠀⠀⠀⠀⠀⠀⠀⠀⠀⠀⠀⠀⠀⠀⠀⠀⠀⠀⠀⠀⠀⠀⠀⠀⠀⠀⠀⠀⠀⠀⠀⠀⠀⠀⠀⠀",
        "⠀⠀⠀⠀⠀⠀⠀⠀⠀⠀⠀⠀⠀⠀⠀⠀⠀⠀⠀⠀⠀⠀⠀⠀⠀⠀⠀⠀⠀⠀⠀⠀⠀⠀⠀⠀⠀⠀⠀⠀⠀⠀⠀⠀⠀⠀⠀⠀⠀⠀⠀⠀⠀⠀⠀⠀⠀⠀⠀⠀⠀⠀⠀⠀⠀⠀⠀⠀⠀⠀⠀⠀⠀⠀⠀⠀⠀⠀⠀⠀",
        "⠀⠀⠀⠀⠀⠀⠀⠀⠀⠀⠀⠀⠀⠀⠀⠀⠀⠀⠀⠀⠀⠀⠀⠀⠀⠀⠀⠀⠀⠀⠀⠀⠀⠀⠀⠀⠀⠀⠀⠀⠀⠀⠀⠀⠀⠀⠀⠀⠀⠀⠀⠀⠀⠀⠀⠀⠀⠀⠀⠀⠀⠀⠀⠀⠀⠀⠀⠀⠀⠀⠀⠀⠀⠀⠀⠀⠀⠀⠀⠀",
        "⠀⠀⠀⠀⠀⠀⠀⠀⠀⠀⠀⠀⠀⠀⠀⠀⠀⠀⠀⠀⠀⠀⠀⠀⠀⠀⠀⠀⠀⠀⠀⠀⠀⠀⠀⠀⠀⠀⠀⠀⠀⠀⠀⠀⠀⠀⠀⠀⠀⠀⠀⠀⠀⠀⠀⠀⠀⠀⠀⠀⠀⠀⠀⠀⠀⠀⠀⠀⠀⠀⠀⠀⠀⠀⠀⠀⠀⠀⠀⠀",
        "⠀⠀⠀⠀⠀⠀⠀⠀⠀⠀⠀⠀⠀⠀⠀⠀⠀⠀⠀⠀⠀⠀⠀⠀⠀⠀⠀⠀⠀⠀⠀⠀⠀⠀⠀⠀⠀⠀⠀⠀⠀⠀⠀⠀⠀⠀⠀⠀⠀⠀⠀⠀⠀⠀⠀⠀⠀⠀⠀⠀⠀⠀⠀⠀⠀⠀⠀⠀⠀⠀⠀⠀⠀⠀⠀⠀⠀⠀⠀⠀",
        "⠀⠀⠀⠀⠀⠀⠀⠀⠀⠀⠀⠀⠀⠀⠀⠀⠀⠀⠀⠀⠀⠀⠀⠀⠀⠀⠀⠀⠀⠀⠀⠀⠀⠀⠀⠀⠀⠀⠀⠀⠀⠀⠀⠀⠀⠀⠀⠀⠀⠀⠀⠀⠀⠀⠀⠀⠀⠀⠀⠀⠀⠀⠀⠀⠀⠀⠀⠀⠀⠀⠀⠀⠀⠀⠀⠀⠀⠀⠀⠀",
        "⠀⠀⠀⠀⠀⠀⠀⠀⠀⠀⠀⠀⠀⠀⠀⠀⠀⠀⠀⠀⠀⠀⠀⠀⠀⠀⠀⠀⠀⠀⠀⠀⣀⣀⡤⠤⠤⠤⠤⠤⡤⠤⠤⠤⠤⢤⣀⣀⠀⠀⠀⠀⠀⠀⠀⠀⠀⠀⠀⠀⠀⠀⠀⠀⠀⠀⠀⠀⠀⠀⠀⠀⠀⠀⠀⠀⠀⠀⠀⠀",
        "⠀⠀⠀⠀⠀⠀⠀⠀⠀⠀⠀⠀⠀⠀⠀⠀⠀⠀⠀⠀⠀⠀⠀⠀⠀⠀⠀⠀⠀⠀⠰⣏⡀⠀⡇⠀⠀⣤⡄⠀⡇⠀⠀⠀⠀⢸⠀⢀⣹⠆⠀⠀⠀⠀⠀⠀⠀⠀⠀⠀⠀⠀⠀⠀⠀⠀⠀⠀⠀⠀⠀⠀⠀⠀⠀⠀⠀⠀⠀⠀",
        "⠀⠀⠀⠀⠀⠀⠀⠀⠀⠀⠀⠀⠀⠀⠀⠀⠀⠀⠀⠀⠀⠀⠀⠀⠀⠀⠀⠀⠀⠀⠀⡇⠉⡏⡏⠒⡖⣿⡗⠒⡗⠒⠒⢲⠒⢹⢹⠉⢸⠀⠀⠀⠀⠀⠀⠀⠀⠀⠀⠀⠀⠀⠀⠀⠀⠀⠀⠀⠀⠀⠀⠀⠀⠀⠀⠀⠀⠀⠀⠀",
        "⠀⠀⠀⠀⠀⠀⠀⠀⠀⠀⠀⠀⠀⠀⠀⠀⠀⠀⠀⠀⠀⠀⠀⠀⠀⠀⠀⠀⠀⠀⠀⡇⠀⡇⡇⠀⡇⣿⡇⠀⡇⠀⠀⢸⠀⢸⢸⠀⢸⠀⠀⠀⠀⠀⠀⠀⠀⠀⠀⠀⠀⠀⠀⠀⠀⠀⠀⠀⠀⠀⠀⠀⠀⠀⠀⠀⠀⠀⠀⠀",
        "⠀⠀⠀⠀⠀⠀⠀⠀⠀⠀⠀⠀⠀⠀⠀⠀⠀⠀⠀⠀⠀⠀⠀⠀⠀⠀⠀⠀⠀⠀⠀⡇⠀⡇⡇⠀⡇⣿⡇⠀⡇⠀⠀⢸⠀⢸⢸⠀⢸⠀⠀⠀⠀⠀⠀⠀⠀⠀⠀⠀⠀⠀⠀⠀⠀⠀⠀⠀⠀⠀⠀⠀⠀⠀⠀⠀⠀⠀⠀⠀",
        "⠀⠀⠀⠀⠀⠀⠀⠀⠀⠀⠀⠀⠀⠀⠀⠀⠀⠀⠀⠀⠀⠀⠀⠀⠀⠀⠀⠀⠀⠀⠀⡇⠀⡇⡇⠀⡇⣿⡇⠀⡇⠀⠀⢸⠀⢸⢸⠀⢸⠀⠀⠀⠀⠀⠀⠀⠀⠀⠀⠀⠀⠀⠀⠀⠀⠀⠀⠀⠀⠀⠀⠀⠀⠀⠀⠀⠀⠀⠀⠀",
        "⠀⠀⠀⠀⠀⠀⠀⠀⠀⠀⠀⠀⠀⠀⠀⠀⠀⠀⠀⠀⠀⠀⠀⠀⠀⠀⠀⠀⠀⠀⠀⡇⠀⡇⡇⠀⡇⣿⣇⠀⣇⠀⠀⢸⠀⢸⢸⠀⢸⠀⠀⠀⠀⠀⠀⠀⠀⠀⠀⠀⠀⠀⠀⠀⠀⠀⠀⠀⠀⠀⠀⠀⠀⠀⠀⠀⠀⠀⠀⠀",
        "⠀⠀⠀⠀⠀⠀⠀⠀⠀⠀⠀⠀⠀⠀⠀⠀⠀⠀⠀⠀⠀⠀⠀⠀⠀⠀⠀⠀⠀⠀⠀⡇⣀⣇⣇⠤⠧⣿⣿⢤⣿⠤⠤⠼⠤⣸⣸⣀⢸⠀⠀⠀⠀⠀⠀⠀⠀⠀⠀⠀⠀⠀⠀⠀⠀⠀⠀⠀⠀⠀⠀⠀⠀⠀⠀⠀⠀⠀⠀⠀",
        "⠀⠀⠀⠀⠀⠀⠀⠀⠀⠀⠀⠀⠀⠀⠀⠀⠀⠀⠀⠀⠀⠀⠀⠀⠀⠀⠀⠀⠀⠀⠰⣏⠁⠀⡇⠀⠰⠛⠛⠂⡏⠀⠀⠀⠀⢸⠀⠊⣹⠆⠀⠀⠀⠀⠀⠀⠀⠀⠀⠀⠀⠀⠀⠀⠀⠀⠀⠀⠀⠀⠀⠀⠀⠀⠀⠀⠀⠀⠀⠀",
        "⠀⠀⠀⠀⠀⠀⠀⠀⠀⠀⠀⠀⠀⠀⠀⠀⠀⠀⠀⠀⠀⠀⠀⠀⠀⠀⠀⠀⠀⠀⠀⠀⠉⠉⠓⠒⠒⠓⠒⠒⠓⠒⠒⠒⠒⠚⠉⠉⠀⠀⠀⠀⠀⠀⠀⠀⠀⠀⠀⠀⠀⠀⠀⠀⠀⠀⠀⠀⠀⠀⠀⠀⠀⠀⠀⠀⠀⠀⠀⠀",
        "⠀⠀⠀⠀⠀⠀⠀⠀⠀⠀⠀⠀⠀⠀⠀⠀⠀⠀⠀⠀⠀⠀⠀⠀⠀⠀⠀⠀⠀⠀⠀⠀⠀⠀⠀⠀⠀⠀⠀⠀⠀⠀⠀⠀⠀⠀⠀⠀⠀⠀⠀⠀⠀⠀⠀⠀⠀⠀⠀⠀⠀⠀⠀⠀⠀⠀⠀⠀⠀⠀⠀⠀⠀⠀⠀⠀⠀⠀⠀⠀",
        "⠀⠀⠀⠀⠀⠀⠀⠀⠀⠀⠀⠀⠀⠀⠀⠀⠀⠀⠀⠀⠀⠀⠀⠀⠀⠀⠀⠀⠀⠀⠀⠀⠀⠀⠀⠀⠀⠀⠀⠀⠀⠀⠀⠀⠀⠀⠀⠀⠀⠀⠀⠀⠀⠀⠀⠀⠀⠀⠀⠀⠀⠀⠀⠀⠀⠀⠀⠀⠀⠀⠀⠀⠀⠀⠀⠀⠀⠀⠀⠀",
        "⠀⠀⠀⠀⠀⠀⠀⠀⠀⠀⠀⠀⠀⠀⠀⠀⠀⠀⠀⠀⠀⠀⠀⠀⠀⠀⠀⠀⠀⠀⠀⠀⠀⠀⠀⠀⠀⠀⠀⠀⠀⠀⠀⠀⠀⠀⠀⠀⠀⠀⠀⠀⠀⠀⠀⠀⠀⠀⠀⠀⠀⠀⠀⠀⠀⠀⠀⠀⠀⠀⠀⠀⠀⠀⠀⠀⠀⠀⠀⠀",
        "⠀⠀⠀⠀⠀⠀⠀⠀⠀⠀⠀⠀⠀⠀⠀⠀⠀⠀⠀⠀⠀⠀⠀⠀⠀⠀⠀⠀⠀⠀⠀⠀⠀⠀⠀⠀⠀⠀⠀⠀⠀⠀⠀⠀⠀⠀⠀⠀⠀⠀⠀⠀⠀⠀⠀⠀⠀⠀⠀⠀⠀⠀⠀⠀⠀⠀⠀⠀⠀⠀⠀⠀⠀⠀⠀⠀⠀⠀⠀⠀",
        "⠀⠀⠀⠀⠀⠀⠀⠀⠀⠀⠀⠀⠀⠀⠀⠀⠀⠀⠀⠀⠀⠀⠀⠀⠀⠀⠀⠀⠀⠀⠀⠀⠀⠀⠀⠀⠀⠀⠀⠀⠀⠀⠀⠀⠀⠀⠀⠀⠀⠀⠀⠀⠀⠀⠀⠀⠀⠀⠀⠀⠀⠀⠀⠀⠀⠀⠀⠀⠀⠀⠀⠀⠀⠀⠀⠀⠀⠀⠀⠀",
        "⠀⠀⠀⠀⠀⠀⠀⠀⠀⠀⠀⠀⠀⠀⠀⠀⠀⠀⠀⠀⠀⠀⠀⠀⠀⠀⠀⠀⠀⠀⠀⠀⠀⠀⠀⠀⠀⠀⠀⠀⠀⠀⠀⠀⠀⠀⠀⠀⠀⠀⠀⠀⠀⠀⠀⠀⠀⠀⠀⠀⠀⠀⠀⠀⠀⠀⠀⠀⠀⠀⠀⠀⠀⠀⠀⠀⠀⠀⠀⠀",
        "⠀⠀⠀⠀⠀⠀⠀⠀⠀⠀⠀⠀⠀⠀⠀⠀⠀⠀⠀⠀⠀⠀⠀⠀⠀⠀⠀⠀⠀⠀⠀⠀⠀⠀⠀⠀⠀⠀⠀⠀⠀⠀⠀⠀⠀⠀⠀⠀⠀⠀⠀⠀⠀⠀⠀⠀⠀⠀⠀⠀⠀⠀⠀⠀⠀⠀⠀⠀⠀⠀⠀⠀⠀⠀⠀⠀⠀⠀⠀⠀",
    ],
    styles: [
        x: 0, y: 0, fg: Rgb(138, 122, 97), bg: Rgb(0, 0, 0), underline: Reset, modifier: NONE,
        x: 62, y: 0, fg: Rgb(0, 0, 0), bg: Rgb(0, 0, 0), underline: Reset, modifier: NONE,
        x: 0, y: 1, fg: Rgb(138, 122, 97), bg: Rgb(0, 0, 0), underline: Reset, modifier: NONE,
        x: 44, y: 1, fg: Rgb(0, 0, 0), bg: Rgb(0, 0, 0), underline: Reset, modifier: NONE,
        x: 32, y: 7, fg: Rgb(217, 164, 65), bg: Rgb(0, 0, 0), underline: Reset, modifier: NONE,
        x: 34, y: 7, fg: Rgb(74, 62, 44), bg: Rgb(217, 164, 65), underline: Reset, modifier: NONE,
        x: 35, y: 7, fg: Rgb(217, 164, 65), bg: Rgb(0, 0, 0), underline: Reset, modifier: NONE,
        x: 40, y: 7, fg: Rgb(217, 164, 65), bg: Rgb(74, 62, 44), underline: Reset, modifier: NONE,
        x: 41, y: 7, fg: Rgb(217, 164, 65), bg: Rgb(0, 0, 0), underline: Reset, modifier: NONE,
        x: 45, y: 7, fg: Rgb(74, 62, 44), bg: Rgb(217, 164, 65), underline: Reset, modifier: NONE,
        x: 46, y: 7, fg: Rgb(217, 164, 65), bg: Rgb(0, 0, 0), underline: Reset, modifier: NONE,
        x: 48, y: 7, fg: Rgb(0, 0, 0), bg: Rgb(0, 0, 0), underline: Reset, modifier: NONE,
        x: 30, y: 8, fg: Rgb(217, 164, 65), bg: Rgb(0, 0, 0), underline: Reset, modifier: NONE,
        x: 31, y: 8, fg: Rgb(217, 164, 65), bg: Rgb(74, 62, 44), underline: Reset, modifier: NONE,
        x: 32, y: 8, fg: Rgb(217, 164, 65), bg: Rgb(0, 0, 0), underline: Reset, modifier: NONE,
        x: 33, y: 8, fg: Rgb(0, 0, 0), bg: Rgb(0, 0, 0), underline: Reset, modifier: NONE,
        x: 34, y: 8, fg: Rgb(74, 62, 44), bg: Rgb(0, 0, 0), underline: Reset, modifier: NONE,
        x: 35, y: 8, fg: Rgb(0, 0, 0), bg: Rgb(0, 0, 0), underline: Reset, modifier: NONE,
        x: 37, y: 8, fg: Rgb(217, 164, 65), bg: Rgb(0, 0, 0), underline: Reset, modifier: NONE,
        x: 39, y: 8, fg: Rgb(0, 0, 0), bg: Rgb(0, 0, 0), underline: Reset, modifier: NONE,
        x: 40, y: 8, fg: Rgb(74, 62, 44), bg: Rgb(0, 0, 0), underline: Reset, modifier: NONE,
        x: 41, y: 8, fg: Rgb(0, 0, 0), bg: Rgb(0, 0, 0), underline: Reset, modifier: NONE,
        x: 45, y: 8, fg: Rgb(74, 62, 44), bg: Rgb(0, 0, 0), underline: Reset, modifier: NONE,
        x: 46, y: 8, fg: Rgb(0, 0, 0), bg: Rgb(0, 0, 0), underline: Reset, modifier: NONE,
        x: 47, y: 8, fg: Rgb(217, 164, 65), bg: Rgb(0, 0, 0), underline: Reset, modifier: NONE,
        x: 48, y: 8, fg: Rgb(217, 164, 65), bg: Rgb(74, 62, 44), underline: Reset, modifier: NONE,
        x: 49, y: 8, fg: Rgb(217, 164, 65), bg: Rgb(0, 0, 0), underline: Reset, modifier: NONE,
        x: 50, y: 8, fg: Rgb(0, 0, 0), bg: Rgb(0, 0, 0), underline: Reset, modifier: NONE,
        x: 31, y: 9, fg: Rgb(74, 62, 44), bg: Rgb(0, 0, 0), underline: Reset, modifier: NONE,
        x: 32, y: 9, fg: Rgb(217, 164, 65), bg: Rgb(0, 0, 0), underline: Reset, modifier: NONE,
        x: 33, y: 9, fg: Rgb(74, 62, 44), bg: Rgb(217, 164, 65), underline: Reset, modifier: NONE,
        x: 35, y: 9, fg: Rgb(217, 164, 65), bg: Rgb(0, 0, 0), underline: Reset, modifier: NONE,
        x: 36, y: 9, fg: Rgb(217, 164, 65), bg: Rgb(74, 62, 44), underline: Reset, modifier: NONE,
        x: 37, y: 9, fg: Rgb(217, 164, 65), bg: Rgb(0, 0, 0), underline: Reset, modifier: NONE,
        x: 40, y: 9, fg: Rgb(74, 62, 44), bg: Rgb(217, 164, 65), underline: Reset, modifier: NONE,
        x: 41, y: 9, fg: Rgb(217, 164, 65), bg: Rgb(0, 0, 0), underline: Reset, modifier: NONE,
        x: 43, y: 9, fg: Rgb(217, 164, 65), bg: Rgb(74, 62, 44), underline: Reset, modifier: NONE,
        x: 44, y: 9, fg: Rgb(217, 164, 65), bg: Rgb(0, 0, 0), underline: Reset, modifier: NONE,
        x: 45, y: 9, fg: Rgb(74, 62, 44), bg: Rgb(217, 164, 65), underline: Reset, modifier: NONE,
        x: 47, y: 9, fg: Rgb(217, 164, 65), bg: Rgb(0, 0, 0), underline: Reset, modifier: NONE,
        x: 48, y: 9, fg: Rgb(74, 62, 44), bg: Rgb(0, 0, 0), underline: Reset, modifier: NONE,
        x: 49, y: 9, fg: Rgb(0, 0, 0), bg: Rgb(0, 0, 0), underline: Reset, modifier: NONE,
        x: 31, y: 10, fg: Rgb(74, 62, 44), bg: Rgb(0, 0, 0), underline: Reset, modifier: NONE,
        x: 32, y: 10, fg: Rgb(0, 0, 0), bg: Rgb(0, 0, 0), underline: Reset, modifier: NONE,
        x: 33, y: 10, fg: Rgb(74, 62, 44), bg: Rgb(0, 0, 0), underline: Reset, modifier: NONE,
        x: 35, y: 10, fg: Rgb(0, 0, 0), bg: Rgb(0, 0, 0), underline: Reset, modifier: NONE,
        x: 36, y: 10, fg: Rgb(74, 62, 44), bg: Rgb(0, 0, 0), underline: Reset, modifier: NONE,
        x: 37, y: 10, fg: Rgb(217, 164, 65), bg: Rgb(0, 0, 0), underline: Reset, modifier: NONE,
        x: 39, y: 10, fg: Rgb(0, 0, 0), bg: Rgb(0, 0, 0), underline: Reset, modifier: NONE,
        x: 40, y: 10, fg: Rgb(74, 62, 44), bg: Rgb(0, 0, 0), underline: Reset, modifier: NONE,
        x: 41, y: 10, fg: Rgb(0, 0, 0), bg: Rgb(0, 0, 0), underline: Reset, modifier: NONE,
        x: 43, y: 10, fg: Rgb(74, 62, 44), bg: Rgb(0, 0, 0), underline: Reset, modifier: NONE,
        x: 44, y: 10, fg: Rgb(0, 0, 0), bg: Rgb(0, 0, 0), underline: Reset, modifier: NONE,
        x: 45, y: 10, fg: Rgb(74, 62, 44), bg: Rgb(0, 0, 0), underline: Reset, modifier: NONE,
        x: 47, y: 10, fg: Rgb(0, 0, 0), bg: Rgb(0, 0, 0), underline: Reset, modifier: NONE,
        x: 48, y: 10, fg: Rgb(74, 62, 44), bg: Rgb(0, 0, 0), underline: Reset, modifier: NONE,
        x: 49, y: 10, fg: Rgb(0, 0, 0), bg: Rgb(0, 0, 0), underline: Reset, modifier: NONE,
        x: 31, y: 11, fg: Rgb(74, 62, 44), bg: Rgb(0, 0, 0), underline: Reset, modifier: NONE,
        x: 32, y: 11, fg: Rgb(0, 0, 0), bg: Rgb(0, 0, 0), underline: Reset, modifier: NONE,
        x: 33, y: 11, fg: Rgb(74, 62, 44), bg: Rgb(0, 0, 0), underline: Reset, modifier: NONE,
        x: 35, y: 11, fg: Rgb(0, 0, 0), bg: Rgb(0, 0, 0), underline: Reset, modifier: NONE,
        x: 36, y: 11, fg: Rgb(74, 62, 44), bg: Rgb(0, 0, 0), underline: Reset, modifier: NONE,
        x: 37, y: 11, fg: Rgb(217, 164, 65), bg: Rgb(0, 0, 0), underline: Reset, modifier: NONE,
        x: 39, y: 11, fg: Rgb(0, 0, 0), bg: Rgb(0, 0, 0), underline: Reset, modifier: NONE,
        x: 40, y: 11, fg: Rgb(74, 62, 44), bg: Rgb(0, 0, 0), underline: Reset, modifier: NONE,
        x: 41, y: 11, fg: Rgb(0, 0, 0), bg: Rgb(0, 0, 0), underline: Reset, modifier: NONE,
        x: 43, y: 11, fg: Rgb(74, 62, 44), bg: Rgb(0, 0, 0), underline: Reset, modifier: NONE,
        x: 44, y: 11, fg: Rgb(0, 0, 0), bg: Rgb(0, 0, 0), underline: Reset, modifier: NONE,
        x: 45, y: 11, fg: Rgb(74, 62, 44), bg: Rgb(0, 0, 0), underline: Reset, modifier: NONE,
        x: 47, y: 11, fg: Rgb(0, 0, 0), bg: Rgb(0, 0, 0), underline: Reset, modifier: NONE,
        x: 48, y: 11, fg: Rgb(74, 62, 44), bg: Rgb(0, 0, 0), underline: Reset, modifier: NONE,
        x: 49, y: 11, fg: Rgb(0, 0, 0), bg: Rgb(0, 0, 0), underline: Reset, modifier: NONE,
        x: 31, y: 12, fg: Rgb(74, 62, 44), bg: Rgb(0, 0, 0), underline: Reset, modifier: NONE,
        x: 32, y: 12, fg: Rgb(0, 0, 0), bg: Rgb(0, 0, 0), underline: Reset, modifier: NONE,
        x: 33, y: 12, fg: Rgb(74, 62, 44), bg: Rgb(0, 0, 0), underline: Reset, modifier: NONE,
        x: 35, y: 12, fg: Rgb(0, 0, 0), bg: Rgb(0, 0, 0), underline: Reset, modifier: NONE,
        x: 36, y: 12, fg: Rgb(74, 62, 44), bg: Rgb(0, 0, 0), underline: Reset, modifier: NONE,
        x: 37, y: 12, fg: Rgb(217, 164, 65), bg: Rgb(0, 0, 0), underline: Reset, modifier: NONE,
        x: 39, y: 12, fg: Rgb(0, 0, 0), bg: Rgb(0, 0, 0), underline: Reset, modifier: NONE,
        x: 40, y: 12, fg: Rgb(74, 62, 44), bg: Rgb(0, 0, 0), underline: Reset, modifier: NONE,
        x: 41, y: 12, fg: Rgb(0, 0, 0), bg: Rgb(0, 0, 0), underline: Reset, modifier: NONE,
        x: 43, y: 12, fg: Rgb(74, 62, 44), bg: Rgb(0, 0, 0), underline: Reset, modifier: NONE,
        x: 44, y: 12, fg: Rgb(0, 0, 0), bg: Rgb(0, 0, 0), underline: Reset, modifier: NONE,
        x: 45, y: 12, fg: Rgb(74, 62, 44), bg: Rgb(0, 0, 0), underline: Reset, modifier: NONE,
        x: 47, y: 12, fg: Rgb(0, 0, 0), bg: Rgb(0, 0, 0), underline: Reset, modifier: NONE,
        x: 48, y: 12, fg: Rgb(74, 62, 44), bg: Rgb(0, 0, 0), underline: Reset, modifier: NONE,
        x: 49, y: 12, fg: Rgb(0, 0, 0), bg: Rgb(0, 0, 0), underline: Reset, modifier: NONE,
        x: 31, y: 13, fg: Rgb(74, 62, 44), bg: Rgb(0, 0, 0), underline: Reset, modifier: NONE,
        x: 32, y: 13, fg: Rgb(0, 0, 0), bg: Rgb(0, 0, 0), underline: Reset, modifier: NONE,
        x: 33, y: 13, fg: Rgb(74, 62, 44), bg: Rgb(0, 0, 0), underline: Reset, modifier: NONE,
        x: 35, y: 13, fg: Rgb(0, 0, 0), bg: Rgb(0, 0, 0), underline: Reset, modifier: NONE,
        x: 36, y: 13, fg: Rgb(74, 62, 44), bg: Rgb(0, 0, 0), underline: Reset, modifier: NONE,
        x: 37, y: 13, fg: Rgb(217, 164, 65), bg: Rgb(210, 123, 107), underline: Reset, modifier: NONE,
        x: 39, y: 13, fg: Rgb(0, 0, 0), bg: Rgb(0, 0, 0), underline: Reset, modifier: NONE,
        x: 40, y: 13, fg: Rgb(74, 62, 44), bg: Rgb(217, 164, 65), underline: Reset, modifier: NONE,
        x: 41, y: 13, fg: Rgb(0, 0, 0), bg: Rgb(0, 0, 0), underline: Reset, modifier: NONE,
        x: 43, y: 13, fg: Rgb(74, 62, 44), bg: Rgb(0, 0, 0), underline: Reset, modifier: NONE,
        x: 44, y: 13, fg: Rgb(0, 0, 0), bg: Rgb(0, 0, 0), underline: Reset, modifier: NONE,
        x: 45, y: 13, fg: Rgb(74, 62, 44), bg: Rgb(0, 0, 0), underline: Reset, modifier: NONE,
        x: 47, y: 13, fg: Rgb(0, 0, 0), bg: Rgb(0, 0, 0), underline: Reset, modifier: NONE,
        x: 48, y: 13, fg: Rgb(74, 62, 44), bg: Rgb(0, 0, 0), underline: Reset, modifier: NONE,
        x: 49, y: 13, fg: Rgb(0, 0, 0), bg: Rgb(0, 0, 0), underline: Reset, modifier: NONE,
        x: 31, y: 14, fg: Rgb(74, 62, 44), bg: Rgb(0, 0, 0), underline: Reset, modifier: NONE,
        x: 32, y: 14, fg: Rgb(138, 122, 97), bg: Rgb(0, 0, 0), underline: Reset, modifier: NONE,
        x: 33, y: 14, fg: Rgb(74, 62, 44), bg: Rgb(138, 122, 97), underline: Reset, modifier: NONE,
        x: 35, y: 14, fg: Rgb(138, 122, 97), bg: Rgb(0, 0, 0), underline: Reset, modifier: NONE,
        x: 36, y: 14, fg: Rgb(138, 122, 97), bg: Rgb(74, 62, 44), underline: Reset, modifier: NONE,
        x: 37, y: 14, fg: Rgb(217, 164, 65), bg: Rgb(0, 0, 0), underline: Reset, modifier: NONE,
        x: 39, y: 14, fg: Rgb(138, 122, 97), bg: Rgb(233, 223, 201), underline: Reset, modifier: NONE,
        x: 40, y: 14, fg: Rgb(74, 62, 44), bg: Rgb(217, 164, 65), underline: Reset, modifier: NONE,
        x: 41, y: 14, fg: Rgb(138, 122, 97), bg: Rgb(0, 0, 0), underline: Reset, modifier: NONE,
        x: 43, y: 14, fg: Rgb(138, 122, 97), bg: Rgb(74, 62, 44), underline: Reset, modifier: NONE,
        x: 44, y: 14, fg: Rgb(138, 122, 97), bg: Rgb(0, 0, 0), underline: Reset, modifier: NONE,
        x: 45, y: 14, fg: Rgb(74, 62, 44), bg: Rgb(138, 122, 97), underline: Reset, modifier: NONE,
        x: 47, y: 14, fg: Rgb(138, 122, 97), bg: Rgb(0, 0, 0), underline: Reset, modifier: NONE,
        x: 48, y: 14, fg: Rgb(74, 62, 44), bg: Rgb(0, 0, 0), underline: Reset, modifier: NONE,
        x: 49, y: 14, fg: Rgb(0, 0, 0), bg: Rgb(0, 0, 0), underline: Reset, modifier: NONE,
        x: 30, y: 15, fg: Rgb(138, 122, 97), bg: Rgb(0, 0, 0), underline: Reset, modifier: NONE,
        x: 31, y: 15, fg: Rgb(138, 122, 97), bg: Rgb(74, 62, 44), underline: Reset, modifier: NONE,
        x: 32, y: 15, fg: Rgb(138, 122, 97), bg: Rgb(0, 0, 0), underline: Reset, modifier: NONE,
        x: 33, y: 15, fg: Rgb(0, 0, 0), bg: Rgb(0, 0, 0), underline: Reset, modifier: NONE,
        x: 34, y: 15, fg: Rgb(74, 62, 44), bg: Rgb(0, 0, 0), underline: Reset, modifier: NONE,
        x: 35, y: 15, fg: Rgb(0, 0, 0), bg: Rgb(0, 0, 0), underline: Reset, modifier: NONE,
        x: 36, y: 15, fg: Rgb(233, 223, 201), bg: Rgb(0, 0, 0), underline: Reset, modifier: NONE,
        x: 37, y: 15, fg: Rgb(217, 164, 65), bg: Rgb(0, 0, 0), underline: Reset, modifier: NONE,
        x: 38, y: 15, fg: Rgb(233, 223, 201), bg: Rgb(217, 164, 65), underline: Reset, modifier: NONE,
        x: 39, y: 15, fg: Rgb(233, 223, 201), bg: Rgb(0, 0, 0), underline: Reset, modifier: NONE,
        x: 40, y: 15, fg: Rgb(74, 62, 44), bg: Rgb(217, 164, 65), underline: Reset, modifier: NONE,
        x: 41, y: 15, fg: Rgb(0, 0, 0), bg: Rgb(0, 0, 0), underline: Reset, modifier: NONE,
        x: 45, y: 15, fg: Rgb(74, 62, 44), bg: Rgb(0, 0, 0), underline: Reset, modifier: NONE,
        x: 46, y: 15, fg: Rgb(0, 0, 0), bg: Rgb(0, 0, 0), underline: Reset, modifier: NONE,
        x: 47, y: 15, fg: Rgb(233, 223, 201), bg: Rgb(138, 122, 97), underline: Reset, modifier: NONE,
        x: 48, y: 15, fg: Rgb(138, 122, 97), bg: Rgb(74, 62, 44), underline: Reset, modifier: NONE,
        x: 49, y: 15, fg: Rgb(138, 122, 97), bg: Rgb(0, 0, 0), underline: Reset, modifier: NONE,
        x: 50, y: 15, fg: Rgb(0, 0, 0), bg: Rgb(0, 0, 0), underline: Reset, modifier: NONE,
        x: 32, y: 16, fg: Rgb(138, 122, 97), bg: Rgb(0, 0, 0), underline: Reset, modifier: NONE,
        x: 34, y: 16, fg: Rgb(74, 62, 44), bg: Rgb(138, 122, 97), underline: Reset, modifier: NONE,
        x: 35, y: 16, fg: Rgb(138, 122, 97), bg: Rgb(0, 0, 0), underline: Reset, modifier: NONE,
        x: 37, y: 16, fg: Rgb(138, 122, 97), bg: Rgb(233, 223, 201), underline: Reset, modifier: NONE,
        x: 38, y: 16, fg: Rgb(138, 122, 97), bg: Rgb(0, 0, 0), underline: Reset, modifier: NONE,
        x: 40, y: 16, fg: Rgb(138, 122, 97), bg: Rgb(74, 62, 44), underline: Reset, modifier: NONE,
        x: 41, y: 16, fg: Rgb(138, 122, 97), bg: Rgb(0, 0, 0), underline: Reset, modifier: NONE,
        x: 45, y: 16, fg: Rgb(74, 62, 44), bg: Rgb(138, 122, 97), underline: Reset, modifier: NONE,
        x: 46, y: 16, fg: Rgb(138, 122, 97), bg: Rgb(0, 0, 0), underline: Reset, modifier: NONE,
        x: 48, y: 16, fg: Rgb(0, 0, 0), bg: Rgb(0, 0, 0), underline: Reset, modifier: NONE,
    ]
}
