---
source: crates/babylon-tui/tests/scene3d_goldens.rs
expression: "format!(\"{buf:?}\")"
---
Buffer {
    area: Rect { x: 0, y: 0, width: 80, height: 24 },
    content: [
        "grid_vertices=35 tmax=0.9⠀⠀⠀⠀⠀⠀⠀⠀⠀⠀⠀⠀⠀⠀⠀⠀⠀⠀⠀⠀⠀⠀⠀⠀⠀⠀⠀⠀⠀⠀⠀⠀⠀⠀⠀⠀⠀⠀⠀⠀⠀⠀⠀⠀⠀⠀⠀⠀⠀⠀⠀⠀⠀⠀⠀",
        "⠀⠀⠀⠀⠀⠀⠀⠀⠀⠀⠀⠀⠀⠀⠀⠀⠀⠀⠀⠀⠀⠀⠀⠀⠀⠀⠀⠀⠀⠀⠀⠀⠀⠀⠀⠀⠀⠀⠀⠀⠀⠀⠀⠀⠀⠀⠀⠀⠀⠀⠀⠀⠀⠀⠀⠀⠀⠀⠀⠀⠀⠀⠀⠀⠀⠀⠀⠀⠀⠀⠀⠀⠀⠀⠀⠀⠀⠀⠀⠀",
        "⠀⠀⠀⠀⠀⠀⠀⠀⠀⠀⠀⠀⠀⠀⠀⠀⠀⠀⠀⠀⠀⠀⠀⠀⠀⠀⠀⠀⠀⠀⠀⠀⠀⠀⠀⠀⠀⠀⠀⠀⠀⠀⠀⠀⠀⠀⠀⠀⠀⠀⠀⠀⠀⠀⠀⠀⠀⠀⠀⠀⠀⠀⠀⠀⠀⠀⠀⠀⠀⠀⠀⠀⠀⠀⠀⠀⠀⠀⠀⠀",
        "⠀⠀⠀⠀⠀⠀⠀⠀⠀⠀⠀⠀⠀⠀⠀⠀⠀⠀⠀⠀⠀⠀⠀⠀⠀⠀⠀⠀⠀⠀⠀⠀⠀⠀⠀⠀⠀⠀⠀⠀⠀⠀⠀⠀⠀⠀⠀⠀⠀⠀⠀⠀⠀⠀⠀⠀⠀⠀⠀⠀⠀⠀⠀⠀⠀⠀⠀⠀⠀⠀⠀⠀⠀⠀⠀⠀⠀⠀⠀⠀",
        "⠀⠀⠀⠀⠀⠀⠀⠀⠀⠀⠀⠀⠀⠀⠀⠀⠀⠀⠀⠀⠀⠀⠀⠀⠀⠀⠀⠀⠀⠀⠀⠀⠀⠀⠀⠀⠀⠀⠀⠀⠀⠀⠀⠀⠀⠀⠀⠀⠀⠀⠀⠀⠀⠀⠀⠀⠀⠀⠀⠀⠀⠀⠀⠀⠀⠀⠀⠀⠀⠀⠀⠀⠀⠀⠀⠀⠀⠀⠀⠀",
        "⠀⠀⠀⠀⠀⠀⠀⠀⠀⠀⠀⠀⠀⠀⠀⠀⠀⠀⠀⠀⠀⠀⠀⠀⠀⠀⠀⠀⠀⠀⠀⠀⠀⠀⠀⠀⠀⠀⠀⠀⠀⠀⠀⠀⠀⠀⠀⠀⠀⠀⠀⠀⠀⠀⠀⠀⠀⠀⠀⠀⠀⠀⠀⠀⠀⠀⠀⠀⠀⠀⠀⠀⠀⠀⠀⠀⠀⠀⠀⠀",
        "⠀⠀⠀⠀⠀⠀⠀⠀⠀⠀⠀⠀⠀⠀⠀⠀⠀⠀⠀⠀⠀⠀⠀⠀⠀⠀⠀⠀⠀⠀⠀⠀⠀⠀⠀⠀⠀⠀⠀⠀⠀⠀⠀⠀⠀⠀⠀⠀⠀⠀⠀⠀⠀⠀⠀⠀⠀⠀⠀⠀⠀⠀⠀⠀⠀⠀⠀⠀⠀⠀⠀⠀⠀⠀⠀⠀⠀⠀⠀⠀",
        "⠀⠀⠀⠀⠀⠀⠀⠀⠀⠀⠀⠀⠀⠀⠀⠀⠀⠀⠀⠀⠀⠀⠀⠀⠀⠀⠀⠀⠀⠀⠀⠀⠀⠀⠀⠀⠀⠀⠀⠀⠀⠀⠀⠀⠀⠀⠀⠀⠀⠀⠀⠀⠀⠀⠀⠀⠀⠀⠀⠀⠀⠀⠀⠀⠀⠀⠀⠀⠀⠀⠀⠀⠀⠀⠀⠀⠀⠀⠀⠀",
        "⠀⠀⠀⠀⠀⠀⠀⠀⠀⠀⠀⠀⠀⠀⠀⠀⠀⠀⠀⠀⠀⠀⠀⠀⠀⠀⠀⠀⠀⠀⠀⠀⠀⠀⠀⠀⠀⢀⣠⣤⣥⣤⡀⠀⠀⠀⠀⠀⠀⠀⠀⠀⠀⠀⠀⠀⠀⠀⠀⠀⠀⠀⠀⠀⠀⠀⠀⠀⠀⠀⠀⠀⠀⠀⠀⠀⠀⠀⠀⠀",
        "⠀⠀⠀⠀⠀⠀⠀⠀⠀⠀⠀⠀⠀⠀⠀⠀⠀⠀⠀⠀⠀⠀⠀⠀⠀⠀⠀⠀⠀⠀⠀⠀⠀⣀⣤⣶⣿⣿⣿⣿⣿⣿⣿⣷⣦⣄⡀⠀⠀⠀⠀⠀⠀⠀⠀⠀⠀⠀⠀⠀⠀⠀⠀⠀⠀⠀⠀⠀⠀⠀⠀⠀⠀⠀⠀⠀⠀⠀⠀⠀",
        "⠀⠀⠀⠀⠀⠀⠀⠀⠀⠀⠀⠀⠀⠀⠀⠀⠀⠀⠀⠀⠀⠀⠀⠀⠀⠀⠀⠀⠠⢶⣶⣾⣿⣿⠿⠟⠛⠉⠉⠙⠋⠙⠻⢿⣿⣿⣿⣷⣤⣤⣤⣀⠀⠀⠀⠀⠀⠀⠀⠀⠀⠀⠀⠀⠀⠀⠀⠀⠀⠀⠀⠀⠀⠀⠀⠀⠀⠀⠀⠀",
        "⠀⠀⠀⠀⠀⠀⠀⠀⠀⠀⠀⠀⠀⠀⠀⠀⠀⠀⠀⠀⠀⠀⠀⠀⠀⠀⠀⠀⠀⠀⠀⠀⠀⠈⠀⠀⠀⠀⠀⠀⠀⠀⠀⠀⠈⠋⠋⠉⠉⠉⠉⠀⠀⠀⠀⠀⠀⠀⠀⠀⠀⠀⠀⠀⠀⠀⠀⠀⠀⠀⠀⠀⠀⠀⠀⠀⠀⠀⠀⠀",
        "⠀⠀⠀⠀⠀⠀⠀⠀⠀⠀⠀⠀⠀⠀⠀⠀⠀⠀⠀⠀⠀⠀⠀⠀⠀⠀⠀⠀⠀⠀⠀⠀⠀⠀⠀⠀⠀⠀⠀⠀⠀⠀⠀⠀⠀⠀⠀⠀⠀⠀⠀⠀⠀⠀⠀⠀⠀⠀⠀⠀⠀⠀⠀⠀⠀⠀⠀⠀⠀⠀⠀⠀⠀⠀⠀⠀⠀⠀⠀⠀",
        "⠀⠀⠀⠀⠀⠀⠀⠀⠀⠀⠀⠀⠀⠀⠀⠀⠀⠀⠀⠀⠀⠀⠀⠀⠀⠀⠀⠀⠀⠀⠀⠀⠀⠀⠀⠀⠀⠀⠀⠀⠀⠀⠀⠀⠀⠀⠀⠀⠀⠀⠀⠀⠀⠀⠀⠀⠀⠀⠀⠀⠀⠀⠀⠀⠀⠀⠀⠀⠀⠀⠀⠀⠀⠀⠀⠀⠀⠀⠀⠀",
        "⠀⠀⠀⠀⠀⠀⠀⠀⠀⠀⠀⠀⠀⠀⠀⠀⠀⠀⠀⠀⠀⠀⠀⠀⠀⠀⠀⠀⠀⠀⠀⠀⠀⠀⠀⠀⠀⠀⠀⠀⠀⠀⠀⠀⠀⠀⠀⠀⠀⠀⠀⠀⠀⠀⠀⠀⠀⠀⠀⠀⠀⠀⠀⠀⠀⠀⠀⠀⠀⠀⠀⠀⠀⠀⠀⠀⠀⠀⠀⠀",
        "⠀⠀⠀⠀⠀⠀⠀⠀⠀⠀⠀⠀⠀⠀⠀⠀⠀⠀⠀⠀⠀⠀⠀⠀⠀⠀⠀⠀⠀⠀⠀⠀⠀⠀⠀⠀⠀⠀⠀⠀⠀⠀⠀⠀⠀⠀⠀⠀⠀⠀⠀⠀⠀⠀⠀⠀⠀⠀⠀⠀⠀⠀⠀⠀⠀⠀⠀⠀⠀⠀⠀⠀⠀⠀⠀⠀⠀⠀⠀⠀",
        "⠀⠀⠀⠀⠀⠀⠀⠀⠀⠀⠀⠀⠀⠀⠀⠀⠀⠀⠀⠀⠀⠀⠀⠀⠀⠀⠀⠀⠀⠀⠀⠀⠀⠀⠀⠀⠀⠀⠀⠀⠀⠀⠀⠀⠀⠀⠀⠀⠀⠀⠀⠀⠀⠀⠀⠀⠀⠀⠀⠀⠀⠀⠀⠀⠀⠀⠀⠀⠀⠀⠀⠀⠀⠀⠀⠀⠀⠀⠀⠀",
        "⠀⠀⠀⠀⠀⠀⠀⠀⠀⠀⠀⠀⠀⠀⠀⠀⠀⠀⠀⠀⠀⠀⠀⠀⠀⠀⠀⠀⠀⠀⠀⠀⠀⠀⠀⠀⠀⠀⠀⠀⠀⠀⠀⠀⠀⠀⠀⠀⠀⠀⠀⠀⠀⠀⠀⠀⠀⠀⠀⠀⠀⠀⠀⠀⠀⠀⠀⠀⠀⠀⠀⠀⠀⠀⠀⠀⠀⠀⠀⠀",
        "⠀⠀⠀⠀⠀⠀⠀⠀⠀⠀⠀⠀⠀⠀⠀⠀⠀⠀⠀⠀⠀⠀⠀⠀⠀⠀⠀⠀⠀⠀⠀⠀⠀⠀⠀⠀⠀⠀⠀⠀⠀⠀⠀⠀⠀⠀⠀⠀⠀⠀⠀⠀⠀⠀⠀⠀⠀⠀⠀⠀⠀⠀⠀⠀⠀⠀⠀⠀⠀⠀⠀⠀⠀⠀⠀⠀⠀⠀⠀⠀",
        "⠀⠀⠀⠀⠀⠀⠀⠀⠀⠀⠀⠀⠀⠀⠀⠀⠀⠀⠀⠀⠀⠀⠀⠀⠀⠀⠀⠀⠀⠀⠀⠀⠀⠀⠀⠀⠀⠀⠀⠀⠀⠀⠀⠀⠀⠀⠀⠀⠀⠀⠀⠀⠀⠀⠀⠀⠀⠀⠀⠀⠀⠀⠀⠀⠀⠀⠀⠀⠀⠀⠀⠀⠀⠀⠀⠀⠀⠀⠀⠀",
        "⠀⠀⠀⠀⠀⠀⠀⠀⠀⠀⠀⠀⠀⠀⠀⠀⠀⠀⠀⠀⠀⠀⠀⠀⠀⠀⠀⠀⠀⠀⠀⠀⠀⠀⠀⠀⠀⠀⠀⠀⠀⠀⠀⠀⠀⠀⠀⠀⠀⠀⠀⠀⠀⠀⠀⠀⠀⠀⠀⠀⠀⠀⠀⠀⠀⠀⠀⠀⠀⠀⠀⠀⠀⠀⠀⠀⠀⠀⠀⠀",
        "⠀⠀⠀⠀⠀⠀⠀⠀⠀⠀⠀⠀⠀⠀⠀⠀⠀⠀⠀⠀⠀⠀⠀⠀⠀⠀⠀⠀⠀⠀⠀⠀⠀⠀⠀⠀⠀⠀⠀⠀⠀⠀⠀⠀⠀⠀⠀⠀⠀⠀⠀⠀⠀⠀⠀⠀⠀⠀⠀⠀⠀⠀⠀⠀⠀⠀⠀⠀⠀⠀⠀⠀⠀⠀⠀⠀⠀⠀⠀⠀",
        "⠀⠀⠀⠀⠀⠀⠀⠀⠀⠀⠀⠀⠀⠀⠀⠀⠀⠀⠀⠀⠀⠀⠀⠀⠀⠀⠀⠀⠀⠀⠀⠀⠀⠀⠀⠀⠀⠀⠀⠀⠀⠀⠀⠀⠀⠀⠀⠀⠀⠀⠀⠀⠀⠀⠀⠀⠀⠀⠀⠀⠀⠀⠀⠀⠀⠀⠀⠀⠀⠀⠀⠀⠀⠀⠀⠀⠀⠀⠀⠀",
        "⠀⠀⠀⠀⠀⠀⠀⠀⠀⠀⠀⠀⠀⠀⠀⠀⠀⠀⠀⠀⠀⠀⠀⠀⠀⠀⠀⠀⠀⠀⠀⠀⠀⠀⠀⠀⠀⠀⠀⠀⠀⠀⠀⠀⠀⠀⠀⠀⠀⠀⠀⠀⠀⠀⠀⠀⠀⠀⠀⠀⠀⠀⠀⠀⠀⠀⠀⠀⠀⠀⠀⠀⠀⠀⠀⠀⠀⠀⠀⠀",
    ],
    styles: [
        x: 0, y: 0, fg: Rgb(138, 122, 97), bg: Rgb(0, 0, 0), underline: Reset, modifier: NONE,
        x: 25, y: 0, fg: Rgb(0, 0, 0), bg: Rgb(0, 0, 0), underline: Reset, modifier: NONE,
        x: 37, y: 8, fg: Rgb(242, 142, 22), bg: Rgb(0, 0, 0), underline: Reset, modifier: NONE,
        x: 39, y: 8, fg: Rgb(242, 142, 22), bg: Rgb(237, 117, 30), underline: Reset, modifier: NONE,
        x: 40, y: 8, fg: Rgb(237, 117, 30), bg: Rgb(223, 40, 53), underline: Reset, modifier: NONE,
        x: 41, y: 8, fg: Rgb(237, 117, 30), bg: Rgb(0, 0, 0), underline: Reset, modifier: NONE,
        x: 43, y: 8, fg: Rgb(0, 0, 0), bg: Rgb(0, 0, 0), underline: Reset, modifier: NONE,
        x: 33, y: 9, fg: Rgb(89, 158, 25), bg: Rgb(0, 0, 0), underline: Reset, modifier: NONE,
        x: 34, y: 9, fg: Rgb(245, 164, 15), bg: Rgb(89, 158, 25), underline: Reset, modifier: NONE,
        x: 35, y: 9, fg: Rgb(245, 164, 15), bg: Rgb(174, 187, 12), underline: Reset, modifier: NONE,
        x: 36, y: 9, fg: Rgb(242, 142, 22), bg: Rgb(245, 164, 15), underline: Reset, modifier: NONE,
        x: 37, y: 9, fg: Rgb(242, 142, 22), bg: Rgb(0, 0, 0), underline: Reset, modifier: NONE,
        x: 40, y: 9, fg: Rgb(242, 142, 22), bg: Rgb(237, 117, 30), underline: Reset, modifier: NONE,
        x: 42, y: 9, fg: Rgb(237, 117, 30), bg: Rgb(242, 142, 22), underline: Reset, modifier: NONE,
        x: 43, y: 9, fg: Rgb(237, 117, 30), bg: Rgb(249, 182, 10), underline: Reset, modifier: NONE,
        x: 45, y: 9, fg: Rgb(44, 142, 32), bg: Rgb(249, 182, 10), underline: Reset, modifier: NONE,
        x: 46, y: 9, fg: Rgb(44, 142, 32), bg: Rgb(0, 0, 0), underline: Reset, modifier: NONE,
        x: 47, y: 9, fg: Rgb(0, 0, 0), bg: Rgb(0, 0, 0), underline: Reset, modifier: NONE,
        x: 28, y: 10, fg: Rgb(34, 136, 34), bg: Rgb(0, 0, 0), underline: Reset, modifier: NONE,
        x: 30, y: 10, fg: Rgb(34, 136, 34), bg: Rgb(126, 170, 19), underline: Reset, modifier: NONE,
        x: 31, y: 10, fg: Rgb(126, 170, 19), bg: Rgb(35, 134, 35), underline: Reset, modifier: NONE,
        x: 33, y: 10, fg: Rgb(126, 170, 19), bg: Rgb(245, 164, 15), underline: Reset, modifier: NONE,
        x: 34, y: 10, fg: Rgb(86, 157, 25), bg: Rgb(245, 164, 15), underline: Reset, modifier: NONE,
        x: 35, y: 10, fg: Rgb(86, 157, 25), bg: Rgb(0, 0, 0), underline: Reset, modifier: NONE,
        x: 36, y: 10, fg: Rgb(86, 157, 25), bg: Rgb(70, 151, 28), underline: Reset, modifier: NONE,
        x: 37, y: 10, fg: Rgb(70, 151, 28), bg: Rgb(0, 0, 0), underline: Reset, modifier: NONE,
        x: 38, y: 10, fg: Rgb(242, 142, 22), bg: Rgb(0, 0, 0), underline: Reset, modifier: NONE,
        x: 41, y: 10, fg: Rgb(41, 141, 32), bg: Rgb(242, 142, 22), underline: Reset, modifier: NONE,
        x: 42, y: 10, fg: Rgb(41, 141, 32), bg: Rgb(0, 0, 0), underline: Reset, modifier: NONE,
        x: 43, y: 10, fg: Rgb(41, 141, 32), bg: Rgb(249, 182, 10), underline: Reset, modifier: NONE,
        x: 44, y: 10, fg: Rgb(104, 163, 23), bg: Rgb(249, 182, 10), underline: Reset, modifier: NONE,
        x: 47, y: 10, fg: Rgb(44, 142, 32), bg: Rgb(104, 163, 23), underline: Reset, modifier: NONE,
        x: 48, y: 10, fg: Rgb(42, 117, 42), bg: Rgb(104, 163, 23), underline: Reset, modifier: NONE,
        x: 49, y: 10, fg: Rgb(42, 117, 42), bg: Rgb(0, 0, 0), underline: Reset, modifier: NONE,
        x: 52, y: 10, fg: Rgb(0, 0, 0), bg: Rgb(0, 0, 0), underline: Reset, modifier: NONE,
        x: 33, y: 11, fg: Rgb(42, 118, 42), bg: Rgb(0, 0, 0), underline: Reset, modifier: NONE,
        x: 34, y: 11, fg: Rgb(0, 0, 0), bg: Rgb(0, 0, 0), underline: Reset, modifier: NONE,
        x: 44, y: 11, fg: Rgb(41, 141, 32), bg: Rgb(0, 0, 0), underline: Reset, modifier: NONE,
        x: 45, y: 11, fg: Rgb(104, 163, 23), bg: Rgb(0, 0, 0), underline: Reset, modifier: NONE,
        x: 46, y: 11, fg: Rgb(104, 163, 23), bg: Rgb(51, 95, 51), underline: Reset, modifier: NONE,
        x: 47, y: 11, fg: Rgb(104, 163, 23), bg: Rgb(0, 0, 0), underline: Reset, modifier: NONE,
        x: 49, y: 11, fg: Rgb(42, 117, 42), bg: Rgb(0, 0, 0), underline: Reset, modifier: NONE,
        x: 51, y: 11, fg: Rgb(0, 0, 0), bg: Rgb(0, 0, 0), underline: Reset, modifier: NONE,
    ]
}
