---
source: crates/babylon-tui/tests/scene3d_goldens.rs
assertion_line: 130
expression: "format!(\"{buf:?}\")"
---
Buffer {
    area: Rect { x: 0, y: 0, width: 80, height: 24 },
    content: [
        "⠀⠀⠀⠀⠀⠀⠀⠀⠀⠀⠀⠀⠀⠀⠀⠀⠀⠀⠀⠀⠀⠀⠀⠀⠀⠀⠀⢠⡀⠀⠀⠀⠀⠀⠀⠀⠀⠀⠀⠀⠀⠀⠀⠀⠀⠀⠀⠀⠀⠀⠀⠀⠀⠀⠀⠀⠀⠀⠀⠀⠀⠀⠀⠀⠀⠀⠀⠀⠀⠀⠀⠀⠀⠀⠀⠀⠀⠀⠀⠀",
        "⠀⠀⠀⠀⠀⠀⠀⠀⠀⠀⠀⠀⠀⠀⠀⠀⠀⠀⠀⠀⠀⠀⠀⠀⠀⠀⠀⠀⢻⣤⡀⠀⠀⠀⠀⠀⠀⠀⠀⠀⠀⠀⠀⠀⠀⠀⠀⠀⠀⠀⠀⠀⠀⠀⠀⠀⠀⠀⠀⠀⠀⠀⠀⠀⠀⠀⠀⠀⠀⠀⠀⠀⠀⠀⠀⠀⠀⠀⠀⠀",
        "⠀⠀⠀⠀⠀⠀⠀⠀⠀⠀⠀⠀⠀⠀⠀⠀⠀⠀⠀⠀⠀⠀⠀⠀⠀⠀⠀⠀⠀⢻⣷⣄⠀⠀⠀⠀⠀⠀⠀⢀⠀⠀⠀⠀⠀⠀⡀⠀⠀⠀⠀⠀⠀⠀⠀⠀⠀⠀⠀⠀⠀⠀⠀⠀⠀⠀⠀⠀⠀⠀⠀⠀⠀⠀⠀⠀⠀⠀⠀⠀",
        "⠀⠀⠀⠀⠀⠀⠀⠀⠀⠀⠀⠀⠀⠀⠀⠀⠀⠀⠀⠀⠀⠀⠀⠀⠀⠀⠀⠀⠀⠈⢿⣿⣷⣄⠀⠀⠀⠀⢠⣾⣷⡀⠀⠀⢀⣾⠁⠀⠀⠀⠀⠀⠀⠀⠀⠀⠀⠀⠀⠀⠀⠀⠀⠀⠀⠀⠀⠀⠀⠀⠀⠀⠀⠀⠀⠀⠀⠀⠀⠀",
        "⠀⠀⠀⠀⠀⠀⠀⠀⠀⠀⠀⠀⠀⠀⠀⠀⠀⠀⠀⠀⠀⠀⠀⠀⠀⠀⠀⠀⠀⠀⠈⢿⣿⡟⠁⠀⠀⣰⣿⣿⣿⣿⣄⠠⣿⣟⠀⠀⠀⠀⠀⠀⠀⠀⠀⠀⠀⠀⠀⠀⠀⠀⠀⠀⠀⠀⠀⠀⠀⠀⠀⠀⠀⠀⠀⠀⠀⠀⠀⠀",
        "⠀⠀⠀⠀⠀⠀⠀⠀⠀⠀⠀⠀⠀⠀⠀⠀⠀⠀⠀⠀⠀⠀⠀⠀⠀⠀⠀⠀⠀⠀⠀⠘⠋⠀⠀⢀⣾⣿⣿⣿⣿⣿⣿⣶⣿⣿⡄⣠⣄⠀⠀⠀⠀⠀⠀⠀⠀⠀⠀⠀⠀⠀⠀⠀⠀⠀⠀⠀⠀⠀⠀⠀⠀⠀⠀⠀⠀⠀⠀⠀",
        "⠀⠀⠀⠀⠀⠀⠀⠀⠀⠀⠀⠀⠀⠀⠀⠀⠀⠀⠀⠀⠀⠀⠀⠀⠀⠀⠀⠀⠀⠀⠀⠀⠀⠀⢠⣿⣿⣿⣿⣿⣿⣿⣿⣿⣿⣿⣿⡛⠋⠀⠀⠀⠀⠀⠀⠀⠀⠀⠀⠀⠀⠀⠀⠀⠀⠀⠀⠀⠀⠀⠀⠀⠀⠀⠀⠀⠀⠀⠀⠀",
        "⠀⠀⠀⠀⠀⠀⠀⠀⠀⠀⠀⠀⠀⠀⠀⠀⠀⠀⠀⠀⠀⠀⠀⠀⠀⠀⠀⠀⠀⠀⠀⠀⠀⠀⠈⠻⣿⣿⣿⣿⣿⣿⣿⣿⣿⣿⡿⠓⠀⠀⠀⠀⠀⠀⠀⠀⠀⠀⠀⠀⠀⠀⠀⠀⠀⠀⠀⠀⠀⠀⠀⠀⠀⠀⠀⠀⠀⠀⠀⠀",
        "⠀⠀⠀⠀⠀⠀⠀⠀⠀⠀⠀⠀⠀⠀⠀⠀⠀⠀⠀⠀⠀⠀⠀⠀⠀⠀⠀⠀⠀⠀⠀⠀⠀⠀⠀⠀⠈⠻⣿⣿⣿⣿⠟⠹⣿⡟⠀⠀⠀⠀⠀⠀⠀⠀⠀⠀⠀⠀⠀⠀⠀⠀⠀⠀⠀⠀⠀⠀⠀⠀⠀⠀⠀⠀⠀⠀⠀⠀⠀⠀",
        "⠀⠀⠀⠀⠀⠀⠀⠀⠀⠀⠀⠀⠀⠀⠀⠀⠀⠀⠀⠀⠀⠀⠀⠀⠀⠀⠀⠀⠀⠀⠀⠀⠀⠀⠀⠀⠀⠀⠘⣿⣿⠁⠀⠀⡍⠀⠀⠀⠀⠀⠀⠀⠀⠀⠀⠀⠀⠀⠀⠀⠀⠀⠀⠀⠀⠀⠀⠀⠀⠀⠀⠀⠀⠀⠀⠀⠀⠀⠀⠀",
        "⠀⠀⠀⠀⠀⠀⠀⠀⠀⠀⠀⠀⠀⠀⠀⠀⠀⠀⠀⠀⠀⠀⠀⠀⠀⠀⠀⠀⠀⠀⠀⠀⠀⠀⠀⠀⠀⠀⣰⣿⣿⣧⠀⢠⣇⡀⠀⠀⠀⠀⠀⠀⠀⠀⠀⠀⠀⠀⠀⠀⠀⠀⠀⠀⠀⠀⠀⠀⠀⠀⠀⠀⠀⠀⠀⠀⠀⠀⠀⠀",
        "⠀⠀⠀⠀⠀⠀⠀⠀⠀⠀⠀⠀⠀⠀⠀⠀⠀⠀⠀⠀⠀⠀⠀⠀⠀⠀⠀⠀⠀⠀⠀⠀⠀⠀⠀⠀⠀⣰⣿⣿⣿⣿⣷⣠⡌⢱⡀⠀⠀⠀⠀⠀⠀⠀⠀⠀⠀⠀⠀⠀⠀⠀⠀⠀⠀⠀⠀⠀⠀⠀⠀⠀⠀⠀⠀⠀⠀⠀⠀⠀",
        "⠀⠀⠀⠀⠀⠀⠀⠀⠀⠀⠀⠀⠀⠀⠀⠀⠀⠀⠀⠀⠀⠀⠀⠀⠀⠀⠀⠀⠀⠀⠀⠀⠀⠀⣰⠀⣰⣿⣿⣿⣿⣿⣿⣿⣿⣜⣿⡄⠀⠀⠀⠀⠀⠀⠀⠀⠀⠀⠀⠀⠀⠀⠀⠀⠀⠀⠀⠀⠀⠀⠀⠀⠀⠀⠀⠀⠀⠀⠀⠀",
        "⠀⠀⠀⠀⠀⠀⠀⠀⠀⠀⠀⠀⠀⠀⠀⠀⠀⠀⠀⠀⠀⠀⠀⠀⠀⠀⠀⠀⠀⠀⠀⠀⠀⢠⡟⣰⣿⣿⣿⣿⣿⣿⣿⣿⣿⡿⢻⠃⠀⠀⠀⠀⠀⠀⠀⠀⠀⠀⠀⠀⠀⠀⠀⠀⠀⠀⠀⠀⠀⠀⠀⠀⠀⠀⠀⠀⠀⠀⠀⠀",
        "⠀⠀⠀⠀⠀⠀⠀⠀⠀⠀⠀⠀⠀⠀⠀⠀⠀⠀⠀⠀⠀⠀⠀⠀⠀⠀⠀⠀⠀⠀⠀⠀⢠⣿⣷⣿⣿⣿⣿⣿⣿⣿⣿⣿⣿⠁⠸⠀⠀⠀⠀⠀⠀⠀⠀⠀⠀⠀⠀⠀⠀⠀⠀⠀⠀⠀⠀⠀⠀⠀⠀⠀⠀⠀⠀⠀⠀⠀⠀⠀",
        "⠀⠀⠀⠀⠀⠀⠀⠀⠀⠀⠀⠀⠀⠀⠀⠀⠀⠀⠀⠀⠀⠀⠀⠀⠀⠀⠀⠀⠀⠀⠀⢠⣿⣿⡟⢿⣿⣿⣿⣿⣿⣿⣿⣿⠃⠀⠀⠀⠀⠀⠀⠀⠀⠀⠀⠀⠀⠀⠀⠀⠀⠀⠀⠀⠀⠀⠀⠀⠀⠀⠀⠀⠀⠀⠀⠀⠀⠀⠀⠀",
        "⠀⠀⠀⠀⠀⠀⠀⠀⠀⠀⠀⠀⠀⠀⠀⠀⠀⠀⠀⠀⠀⠀⠀⠀⠀⠀⠀⠀⠀⠀⠠⣿⣿⣿⠁⠀⠙⠻⣿⣿⣿⡿⠫⣄⣀⠀⠀⠀⠀⠀⠀⠀⠀⠀⠀⠀⠀⠀⠀⠀⠀⠀⠀⠀⠀⠀⠀⠀⠀⠀⠀⠀⠀⠀⠀⠀⠀⠀⠀⠀",
        "⠀⠀⠀⠀⠀⠀⠀⠀⠀⠀⠀⠀⠀⠀⠀⠀⠀⠀⠀⠀⠀⠀⠀⠀⠀⠀⠀⠀⠀⠀⠀⠹⣿⣿⠀⠀⠀⠀⠈⠻⠏⠀⠀⠹⣿⠀⠀⠀⠀⠀⠀⠀⠀⠀⠀⠀⠀⠀⠀⠀⠀⠀⠀⠀⠀⠀⠀⠀⠀⠀⠀⠀⠀⠀⠀⠀⠀⠀⠀⠀",
        "⠀⠀⠀⠀⠀⠀⠀⠀⠀⠀⠀⠀⠀⠀⠀⠀⠀⠀⠀⠀⠀⠀⠀⠀⠀⠀⠀⠀⠀⠀⠀⠀⠘⣿⠀⠀⠀⡌⠀⠀⠀⠀⠀⠀⢹⠀⠀⠀⠀⠀⠀⠀⠀⠀⠀⠀⠀⠀⠀⠀⠀⠀⠀⠀⠀⠀⠀⠀⠀⠀⠀⠀⠀⠀⠀⠀⠀⠀⠀⠀",
        "⠀⠀⠀⠀⠀⠀⠀⠀⠀⠀⠀⠀⠀⠀⠀⠀⠀⠀⠀⠀⠀⠀⠀⠀⠀⠀⠀⠀⠀⠀⠀⠀⠀⠀⠀⠀⣼⡇⠀⠀⠀⠀⠀⠀⠀⠀⠀⠀⠀⠀⠀⠀⠀⠀⠀⠀⠀⠀⠀⠀⠀⠀⠀⠀⠀⠀⠀⠀⠀⠀⠀⠀⠀⠀⠀⠀⠀⠀⠀⠀",
        "⠀⠀⠀⠀⠀⠀⠀⠀⠀⠀⠀⠀⠀⠀⠀⠀⠀⠀⠀⠀⠀⠀⠀⠀⠀⠀⠀⠀⠀⠀⠀⠀⠀⠀⠀⢼⣿⡇⠀⠀⠀⠀⠀⠀⠀⠀⠀⠀⠀⠀⠀⠀⠀⠀⠀⠀⠀⠀⠀⠀⠀⠀⠀⠀⠀⠀⠀⠀⠀⠀⠀⠀⠀⠀⠀⠀⠀⠀⠀⠀",
        "⠀⠀⠀⠀⠀⠀⠀⠀⠀⠀⠀⠀⠀⠀⠀⠀⠀⠀⠀⠀⠀⠀⠀⠀⠀⠀⠀⠀⠀⠀⠀⠀⠀⠀⠀⠀⠻⠇⠀⠀⠀⠀⠀⠀⠀⠀⠀⠀⠀⠀⠀⠀⠀⠀⠀⠀⠀⠀⠀⠀⠀⠀⠀⠀⠀⠀⠀⠀⠀⠀⠀⠀⠀⠀⠀⠀⠀⠀⠀⠀",
        "⠀⠀⠀⠀⠀⠀⠀⠀⠀⠀⠀⠀⠀⠀⠀⠀⠀⠀⠀⠀⠀⠀⠀⠀⠀⠀⠀⠀⠀⠀⠀⠀⠀⠀⠀⠀⠀⠀⠀⠀⠀⠀⠀⠀⠀⠀⠀⠀⠀⠀⠀⠀⠀⠀⠀⠀⠀⠀⠀⠀⠀⠀⠀⠀⠀⠀⠀⠀⠀⠀⠀⠀⠀⠀⠀⠀⠀⠀⠀⠀",
        "⠀⠀⠀⠀⠀⠀⠀⠀⠀⠀⠀⠀⠀⠀⠀⠀⠀⠀⠀⠀⠀⠀⠀⠀⠀⠀⠀⠀⠀⠀⠀⠀⠀⠀⠀⠀⠀⠀⠀⠀⠀⠀⠀⠀⠀⠀⠀⠀⠀⠀⠀⠀⠀⠀⠀⠀⠀⠀⠀⠀⠀⠀⠀⠀⠀⠀⠀⠀⠀⠀⠀⠀⠀⠀⠀⠀⠀⠀⠀⠀",
    ],
    styles: [
        x: 0, y: 0, fg: Rgb(0, 0, 0), bg: Rgb(0, 0, 0), underline: Reset, modifier: NONE,
        x: 27, y: 0, fg: Rgb(255, 215, 0), bg: Rgb(0, 0, 0), underline: Reset, modifier: NONE,
        x: 29, y: 0, fg: Rgb(0, 0, 0), bg: Rgb(0, 0, 0), underline: Reset, modifier: NONE,
        x: 28, y: 1, fg: Rgb(255, 215, 0), bg: Rgb(0, 0, 0), underline: Reset, modifier: NONE,
        x: 29, y: 1, fg: Rgb(255, 215, 0), bg: Rgb(220, 20, 60), underline: Reset, modifier: NONE,
        x: 30, y: 1, fg: Rgb(220, 20, 60), bg: Rgb(0, 0, 0), underline: Reset, modifier: NONE,
        x: 31, y: 1, fg: Rgb(0, 0, 0), bg: Rgb(0, 0, 0), underline: Reset, modifier: NONE,
        x: 29, y: 2, fg: Rgb(255, 215, 0), bg: Rgb(0, 0, 0), underline: Reset, modifier: NONE,
        x: 30, y: 2, fg: Rgb(220, 20, 60), bg: Rgb(255, 215, 0), underline: Reset, modifier: NONE,
        x: 31, y: 2, fg: Rgb(220, 20, 60), bg: Rgb(0, 0, 0), underline: Reset, modifier: NONE,
        x: 32, y: 2, fg: Rgb(0, 0, 0), bg: Rgb(0, 0, 0), underline: Reset, modifier: NONE,
        x: 39, y: 2, fg: Rgb(255, 215, 0), bg: Rgb(0, 0, 0), underline: Reset, modifier: NONE,
        x: 40, y: 2, fg: Rgb(0, 0, 0), bg: Rgb(0, 0, 0), underline: Reset, modifier: NONE,
        x: 46, y: 2, fg: Rgb(255, 215, 0), bg: Rgb(0, 0, 0), underline: Reset, modifier: NONE,
        x: 47, y: 2, fg: Rgb(0, 0, 0), bg: Rgb(0, 0, 0), underline: Reset, modifier: NONE,
        x: 29, y: 3, fg: Rgb(255, 215, 0), bg: Rgb(0, 0, 0), underline: Reset, modifier: NONE,
        x: 31, y: 3, fg: Rgb(220, 20, 60), bg: Rgb(255, 215, 0), underline: Reset, modifier: NONE,
        x: 32, y: 3, fg: Rgb(220, 20, 60), bg: Rgb(0, 0, 0), underline: Reset, modifier: NONE,
        x: 33, y: 3, fg: Rgb(255, 215, 0), bg: Rgb(220, 20, 60), underline: Reset, modifier: NONE,
        x: 34, y: 3, fg: Rgb(0, 0, 0), bg: Rgb(0, 0, 0), underline: Reset, modifier: NONE,
        x: 38, y: 3, fg: Rgb(255, 215, 0), bg: Rgb(0, 0, 0), underline: Reset, modifier: NONE,
        x: 42, y: 3, fg: Rgb(0, 0, 0), bg: Rgb(0, 0, 0), underline: Reset, modifier: NONE,
        x: 44, y: 3, fg: Rgb(255, 215, 0), bg: Rgb(0, 0, 0), underline: Reset, modifier: NONE,
        x: 45, y: 3, fg: Rgb(255, 215, 0), bg: Rgb(220, 20, 60), underline: Reset, modifier: NONE,
        x: 46, y: 3, fg: Rgb(220, 20, 60), bg: Rgb(0, 0, 0), underline: Reset, modifier: NONE,
        x: 47, y: 3, fg: Rgb(0, 0, 0), bg: Rgb(0, 0, 0), underline: Reset, modifier: NONE,
        x: 30, y: 4, fg: Rgb(255, 215, 0), bg: Rgb(0, 0, 0), underline: Reset, modifier: NONE,
        x: 31, y: 4, fg: Rgb(255, 215, 0), bg: Rgb(220, 20, 60), underline: Reset, modifier: NONE,
        x: 32, y: 4, fg: Rgb(220, 20, 60), bg: Rgb(255, 215, 0), underline: Reset, modifier: NONE,
        x: 34, y: 4, fg: Rgb(255, 215, 0), bg: Rgb(0, 0, 0), underline: Reset, modifier: NONE,
        x: 35, y: 4, fg: Rgb(0, 0, 0), bg: Rgb(0, 0, 0), underline: Reset, modifier: NONE,
        x: 37, y: 4, fg: Rgb(255, 215, 0), bg: Rgb(0, 0, 0), underline: Reset, modifier: NONE,
        x: 44, y: 4, fg: Rgb(255, 215, 0), bg: Rgb(232, 232, 232), underline: Reset, modifier: NONE,
        x: 45, y: 4, fg: Rgb(232, 232, 232), bg: Rgb(220, 20, 60), underline: Reset, modifier: NONE,
        x: 46, y: 4, fg: Rgb(0, 0, 0), bg: Rgb(0, 0, 0), underline: Reset, modifier: NONE,
        x: 31, y: 5, fg: Rgb(255, 215, 0), bg: Rgb(0, 0, 0), underline: Reset, modifier: NONE,
        x: 33, y: 5, fg: Rgb(0, 0, 0), bg: Rgb(0, 0, 0), underline: Reset, modifier: NONE,
        x: 35, y: 5, fg: Rgb(255, 215, 0), bg: Rgb(0, 0, 0), underline: Reset, modifier: NONE,
        x: 43, y: 5, fg: Rgb(232, 232, 232), bg: Rgb(255, 215, 0), underline: Reset, modifier: NONE,
        x: 44, y: 5, fg: Rgb(32, 4, 4), bg: Rgb(232, 232, 232), underline: Reset, modifier: NONE,
        x: 45, y: 5, fg: Rgb(232, 232, 232), bg: Rgb(32, 4, 4), underline: Reset, modifier: NONE,
        x: 46, y: 5, fg: Rgb(232, 232, 232), bg: Rgb(0, 0, 0), underline: Reset, modifier: NONE,
        x: 47, y: 5, fg: Rgb(32, 4, 4), bg: Rgb(0, 0, 0), underline: Reset, modifier: NONE,
        x: 49, y: 5, fg: Rgb(0, 0, 0), bg: Rgb(0, 0, 0), underline: Reset, modifier: NONE,
        x: 34, y: 6, fg: Rgb(255, 215, 0), bg: Rgb(0, 0, 0), underline: Reset, modifier: NONE,
        x: 42, y: 6, fg: Rgb(232, 232, 232), bg: Rgb(255, 215, 0), underline: Reset, modifier: NONE,
        x: 43, y: 6, fg: Rgb(232, 232, 232), bg: Rgb(32, 4, 4), underline: Reset, modifier: NONE,
        x: 44, y: 6, fg: Rgb(32, 4, 4), bg: Rgb(232, 232, 232), underline: Reset, modifier: NONE,
        x: 45, y: 6, fg: Rgb(232, 232, 232), bg: Rgb(32, 4, 4), underline: Reset, modifier: NONE,
        x: 46, y: 6, fg: Rgb(232, 232, 232), bg: Rgb(0, 0, 0), underline: Reset, modifier: NONE,
        x: 47, y: 6, fg: Rgb(32, 4, 4), bg: Rgb(220, 20, 60), underline: Reset, modifier: NONE,
        x: 48, y: 6, fg: Rgb(32, 4, 4), bg: Rgb(0, 0, 0), underline: Reset, modifier: NONE,
        x: 49, y: 6, fg: Rgb(0, 0, 0), bg: Rgb(0, 0, 0), underline: Reset, modifier: NONE,
        x: 34, y: 7, fg: Rgb(255, 215, 0), bg: Rgb(0, 0, 0), underline: Reset, modifier: NONE,
        x: 42, y: 7, fg: Rgb(232, 232, 232), bg: Rgb(255, 215, 0), underline: Reset, modifier: NONE,
        x: 43, y: 7, fg: Rgb(232, 232, 232), bg: Rgb(0, 0, 0), underline: Reset, modifier: NONE,
        x: 46, y: 7, fg: Rgb(232, 232, 232), bg: Rgb(220, 20, 60), underline: Reset, modifier: NONE,
        x: 47, y: 7, fg: Rgb(220, 20, 60), bg: Rgb(0, 0, 0), underline: Reset, modifier: NONE,
        x: 48, y: 7, fg: Rgb(0, 0, 0), bg: Rgb(0, 0, 0), underline: Reset, modifier: NONE,
        x: 36, y: 8, fg: Rgb(255, 215, 0), bg: Rgb(0, 0, 0), underline: Reset, modifier: NONE,
        x: 43, y: 8, fg: Rgb(232, 232, 232), bg: Rgb(0, 0, 0), underline: Reset, modifier: NONE,
        x: 46, y: 8, fg: Rgb(0, 0, 0), bg: Rgb(0, 0, 0), underline: Reset, modifier: NONE,
        x: 38, y: 9, fg: Rgb(255, 215, 0), bg: Rgb(0, 0, 0), underline: Reset, modifier: NONE,
        x: 42, y: 9, fg: Rgb(0, 0, 0), bg: Rgb(0, 0, 0), underline: Reset, modifier: NONE,
        x: 44, y: 9, fg: Rgb(232, 232, 232), bg: Rgb(220, 20, 60), underline: Reset, modifier: NONE,
        x: 45, y: 9, fg: Rgb(0, 0, 0), bg: Rgb(0, 0, 0), underline: Reset, modifier: NONE,
        x: 38, y: 10, fg: Rgb(255, 215, 0), bg: Rgb(0, 0, 0), underline: Reset, modifier: NONE,
        x: 42, y: 10, fg: Rgb(0, 0, 0), bg: Rgb(0, 0, 0), underline: Reset, modifier: NONE,
        x: 43, y: 10, fg: Rgb(220, 20, 60), bg: Rgb(0, 0, 0), underline: Reset, modifier: NONE,
        x: 45, y: 10, fg: Rgb(255, 215, 0), bg: Rgb(0, 0, 0), underline: Reset, modifier: NONE,
        x: 46, y: 10, fg: Rgb(0, 0, 0), bg: Rgb(0, 0, 0), underline: Reset, modifier: NONE,
        x: 37, y: 11, fg: Rgb(255, 215, 0), bg: Rgb(0, 0, 0), underline: Reset, modifier: NONE,
        x: 43, y: 11, fg: Rgb(232, 232, 232), bg: Rgb(255, 215, 0), underline: Reset, modifier: NONE,
        x: 45, y: 11, fg: Rgb(255, 215, 0), bg: Rgb(0, 0, 0), underline: Reset, modifier: NONE,
        x: 47, y: 11, fg: Rgb(0, 0, 0), bg: Rgb(0, 0, 0), underline: Reset, modifier: NONE,
        x: 34, y: 12, fg: Rgb(255, 215, 0), bg: Rgb(0, 0, 0), underline: Reset, modifier: NONE,
        x: 35, y: 12, fg: Rgb(0, 0, 0), bg: Rgb(0, 0, 0), underline: Reset, modifier: NONE,
        x: 36, y: 12, fg: Rgb(255, 215, 0), bg: Rgb(0, 0, 0), underline: Reset, modifier: NONE,
        x: 42, y: 12, fg: Rgb(255, 215, 0), bg: Rgb(232, 232, 232), underline: Reset, modifier: NONE,
        x: 43, y: 12, fg: Rgb(232, 232, 232), bg: Rgb(0, 0, 0), underline: Reset, modifier: NONE,
        x: 45, y: 12, fg: Rgb(232, 232, 232), bg: Rgb(255, 215, 0), underline: Reset, modifier: NONE,
        x: 46, y: 12, fg: Rgb(255, 215, 0), bg: Rgb(0, 0, 0), underline: Reset, modifier: NONE,
        x: 48, y: 12, fg: Rgb(0, 0, 0), bg: Rgb(0, 0, 0), underline: Reset, modifier: NONE,
        x: 33, y: 13, fg: Rgb(255, 215, 0), bg: Rgb(0, 0, 0), underline: Reset, modifier: NONE,
        x: 41, y: 13, fg: Rgb(255, 215, 0), bg: Rgb(232, 232, 232), underline: Reset, modifier: NONE,
        x: 42, y: 13, fg: Rgb(232, 232, 232), bg: Rgb(255, 215, 0), underline: Reset, modifier: NONE,
        x: 43, y: 13, fg: Rgb(232, 232, 232), bg: Rgb(0, 0, 0), underline: Reset, modifier: NONE,
        x: 46, y: 13, fg: Rgb(255, 215, 0), bg: Rgb(0, 0, 0), underline: Reset, modifier: NONE,
        x: 48, y: 13, fg: Rgb(0, 0, 0), bg: Rgb(0, 0, 0), underline: Reset, modifier: NONE,
        x: 32, y: 14, fg: Rgb(255, 215, 0), bg: Rgb(0, 0, 0), underline: Reset, modifier: NONE,
        x: 41, y: 14, fg: Rgb(232, 232, 232), bg: Rgb(255, 215, 0), underline: Reset, modifier: NONE,
        x: 42, y: 14, fg: Rgb(232, 232, 232), bg: Rgb(0, 0, 0), underline: Reset, modifier: NONE,
        x: 44, y: 14, fg: Rgb(232, 232, 232), bg: Rgb(255, 215, 0), underline: Reset, modifier: NONE,
        x: 45, y: 14, fg: Rgb(232, 232, 232), bg: Rgb(0, 0, 0), underline: Reset, modifier: NONE,
        x: 46, y: 14, fg: Rgb(255, 215, 0), bg: Rgb(0, 0, 0), underline: Reset, modifier: NONE,
        x: 47, y: 14, fg: Rgb(0, 0, 0), bg: Rgb(0, 0, 0), underline: Reset, modifier: NONE,
        x: 31, y: 15, fg: Rgb(255, 215, 0), bg: Rgb(0, 0, 0), underline: Reset, modifier: NONE,
        x: 42, y: 15, fg: Rgb(255, 215, 0), bg: Rgb(232, 232, 232), underline: Reset, modifier: NONE,
        x: 43, y: 15, fg: Rgb(232, 232, 232), bg: Rgb(255, 215, 0), underline: Reset, modifier: NONE,
        x: 44, y: 15, fg: Rgb(232, 232, 232), bg: Rgb(0, 0, 0), underline: Reset, modifier: NONE,
        x: 45, y: 15, fg: Rgb(0, 0, 0), bg: Rgb(0, 0, 0), underline: Reset, modifier: NONE,
        x: 30, y: 16, fg: Rgb(255, 215, 0), bg: Rgb(0, 0, 0), underline: Reset, modifier: NONE,
        x: 35, y: 16, fg: Rgb(0, 0, 0), bg: Rgb(0, 0, 0), underline: Reset, modifier: NONE,
        x: 36, y: 16, fg: Rgb(255, 215, 0), bg: Rgb(0, 0, 0), underline: Reset, modifier: NONE,
        x: 45, y: 16, fg: Rgb(0, 0, 0), bg: Rgb(0, 0, 0), underline: Reset, modifier: NONE,
        x: 31, y: 17, fg: Rgb(255, 215, 0), bg: Rgb(0, 0, 0), underline: Reset, modifier: NONE,
        x: 34, y: 17, fg: Rgb(0, 0, 0), bg: Rgb(0, 0, 0), underline: Reset, modifier: NONE,
        x: 38, y: 17, fg: Rgb(255, 215, 0), bg: Rgb(0, 0, 0), underline: Reset, modifier: NONE,
        x: 41, y: 17, fg: Rgb(0, 0, 0), bg: Rgb(0, 0, 0), underline: Reset, modifier: NONE,
        x: 43, y: 17, fg: Rgb(255, 215, 0), bg: Rgb(0, 0, 0), underline: Reset, modifier: NONE,
        x: 45, y: 17, fg: Rgb(0, 0, 0), bg: Rgb(0, 0, 0), underline: Reset, modifier: NONE,
        x: 32, y: 18, fg: Rgb(255, 215, 0), bg: Rgb(0, 0, 0), underline: Reset, modifier: NONE,
        x: 34, y: 18, fg: Rgb(0, 0, 0), bg: Rgb(0, 0, 0), underline: Reset, modifier: NONE,
        x: 37, y: 18, fg: Rgb(255, 215, 0), bg: Rgb(0, 0, 0), underline: Reset, modifier: NONE,
        x: 38, y: 18, fg: Rgb(0, 0, 0), bg: Rgb(0, 0, 0), underline: Reset, modifier: NONE,
        x: 44, y: 18, fg: Rgb(255, 215, 0), bg: Rgb(0, 0, 0), underline: Reset, modifier: NONE,
        x: 45, y: 18, fg: Rgb(0, 0, 0), bg: Rgb(0, 0, 0), underline: Reset, modifier: NONE,
        x: 36, y: 19, fg: Rgb(255, 215, 0), bg: Rgb(0, 0, 0), underline: Reset, modifier: NONE,
        x: 38, y: 19, fg: Rgb(0, 0, 0), bg: Rgb(0, 0, 0), underline: Reset, modifier: NONE,
        x: 35, y: 20, fg: Rgb(255, 215, 0), bg: Rgb(0, 0, 0), underline: Reset, modifier: NONE,
        x: 38, y: 20, fg: Rgb(0, 0, 0), bg: Rgb(0, 0, 0), underline: Reset, modifier: NONE,
        x: 36, y: 21, fg: Rgb(255, 215, 0), bg: Rgb(0, 0, 0), underline: Reset, modifier: NONE,
        x: 38, y: 21, fg: Rgb(0, 0, 0), bg: Rgb(0, 0, 0), underline: Reset, modifier: NONE,
    ]
}
